
[root@clone-1localnet anthony]# cat ldap_lab/db.ldif 
dn: olcDatabase={2}hdb,cn=config
changetype: modify
replace: olcSuffix
olcSuffix: dc=localnet,dc=com

dn: olcDatabase={2}hdb,cn=config
changetype: modify
replace: olcRootDN
olcRootDN: cn=ldapadm,dc=localnet,dc=com

dn: olcDatabase={2}hdb,cn=config
changetype: modify
replace: olcRootPW
olcRootPW: {SSHA}HhTTDAxW8mbKXkiyMU4nL+YQmW1GEicv


[root@clone-1localnet ldap_lab]# slappasswd
New password: 
Re-enter new password: 
{SSHA}EUHe5Kfc/gT0+/UbxpvPX0fGmUqjRFuC
[root@clone-1localnet ldap_lab]# vim db.ldif 
[root@clone-1localnet ldap_lab]# ll db.ldif 
-rw-rw-rw-. 1 root root 298 Feb 16 12:06 db.ldif
[root@clone-1localnet ldap_lab]# date
Sun Feb 16 12:06:41 JST 2020
[root@clone-1localnet ldap_lab]# vim db.ldif 
[root@clone-1localnet ldap_lab]# less db.ldif 
[root@clone-1localnet ldap_lab]# cat db.ldif 
dn: olcDatabase={2}hdb,cn=config
changetype: modify
replace: olcSuffix
olcSuffix: dc=localnet,dc=com

dn: olcDatabase={2}hdb,cn=config
changetype: modify
replace: olcRootDN
olcRootDN: cn=ldapadm,dc=localnet,dc=com

dn: olcDatabase={2}hdb,cn=config
changetype: modify
replace: olcRootPW
olcRootPW: {SSHA}EUHe5Kfc/gT0+/UbxpvPX0fGmUqjRFuC 
[root@clone-1localnet ldap_lab]# ldapmodify -Y EXTERNAL -H ldapi:// -f db.ldif 
SASL/EXTERNAL authentication started
SASL username: gidNumber=0+uidNumber=0,cn=peercred,cn=external,cn=auth
SASL SSF: 0
modifying entry "olcDatabase={2}hdb,cn=config"

modifying entry "olcDatabase={2}hdb,cn=config"

modifying entry "olcDatabase={2}hdb,cn=config"

[root@clone-1localnet ldap_lab]# cat monitor.ldif 
dn: olcDatabase={1}monitor,cn=config
changetype: modify
replace: olcAccess
olcAccess: {0}to * by dn.base="gidNumber=0+uidNumber=0,cn=peercred,cn=external, cn=auth" read by dn.base="cn=ldapadm,dc=localnet,dc=com" read by * none

[root@clone-1localnet ldap_lab]# ldapmodify -Y EXTERNAL -H ldapi:// -f monitor.ldif 
SASL/EXTERNAL authentication started
SASL username: gidNumber=0+uidNumber=0,cn=peercred,cn=external,cn=auth
SASL SSF: 0
modifying entry "olcDatabase={1}monitor,cn=config"

[root@clone-1localnet ldap_lab]# slaptest -u
config file testing succeeded
[root@clone-1localnet ldap_lab]# echo "Set up LDAP database"
Set up LDAP database
[root@clone-1localnet ldap_lab]# cp /usr/share/open
opencc/           openldap-servers/ open-vm-tools/    
[root@clone-1localnet ldap_lab]# cp /usr/share/openldap-servers/
DB_CONFIG.example  slapd.ldif         
[root@clone-1localnet ldap_lab]# cp /usr/share/openldap-servers/DB_CONFIG.example /var/lib/ldap/DB_confi
[root@clone-1localnet ldap_lab]# 
[root@clone-1localnet ldap_lab]# 
[root@clone-1localnet ldap_lab]# rm -rf /var/lib/ldap/DB_confi
[root@clone-1localnet ldap_lab]# cp /usr/share/openldap-servers/DB_CONFIG.example /var/lib/ldap/DB_CONFIG
[root@clone-1localnet ldap_lab]# ls -l /etc/openldap/schema/
total 312
-r--r--r--. 1 root root  2036 Jan 30  2019 collective.ldif
-r--r--r--. 1 root root  6190 Jan 30  2019 collective.schema
-r--r--r--. 1 root root  1845 Jan 30  2019 corba.ldif
-r--r--r--. 1 root root  8063 Jan 30  2019 corba.schema
-r--r--r--. 1 root root 20612 Jan 30  2019 core.ldif
-r--r--r--. 1 root root 20499 Jan 30  2019 core.schema
-r--r--r--. 1 root root 12006 Jan 30  2019 cosine.ldif
-r--r--r--. 1 root root 73994 Jan 30  2019 cosine.schema
-r--r--r--. 1 root root  4842 Jan 30  2019 duaconf.ldif
-r--r--r--. 1 root root 10388 Jan 30  2019 duaconf.schema
-r--r--r--. 1 root root  3330 Jan 30  2019 dyngroup.ldif
-r--r--r--. 1 root root  3289 Jan 30  2019 dyngroup.schema
-r--r--r--. 1 root root  3481 Jan 30  2019 inetorgperson.ldif
-r--r--r--. 1 root root  6267 Jan 30  2019 inetorgperson.schema
-r--r--r--. 1 root root  2979 Jan 30  2019 java.ldif
-r--r--r--. 1 root root 13901 Jan 30  2019 java.schema
-r--r--r--. 1 root root  2082 Jan 30  2019 misc.ldif
-r--r--r--. 1 root root  2387 Jan 30  2019 misc.schema
-r--r--r--. 1 root root  6809 Jan 30  2019 nis.ldif
-r--r--r--. 1 root root  7640 Jan 30  2019 nis.schema
-r--r--r--. 1 root root  3308 Jan 30  2019 openldap.ldif
-r--r--r--. 1 root root  1514 Jan 30  2019 openldap.schema
-r--r--r--. 1 root root  6904 Jan 30  2019 pmi.ldif
-r--r--r--. 1 root root 20467 Jan 30  2019 pmi.schema
-r--r--r--. 1 root root  4570 Jan 30  2019 ppolicy.ldif
-r--r--r--. 1 root root 20489 Jan 30  2019 ppolicy.schema
[root@clone-1localnet ldap_lab]# ldapadd -Y EXTERNAL -H ldapi:// -f /etc/openldap/schema/cosine.ldif 
SASL/EXTERNAL authentication started
SASL username: gidNumber=0+uidNumber=0,cn=peercred,cn=external,cn=auth
SASL SSF: 0
adding new entry "cn=cosine,cn=schema,cn=config"

[root@clone-1localnet ldap_lab]# ldapadd -Y EXTERNAL -H ldapi:// -f /etc/openldap/schema/nis.ldif 
SASL/EXTERNAL authentication started
SASL username: gidNumber=0+uidNumber=0,cn=peercred,cn=external,cn=auth
SASL SSF: 0
adding new entry "cn=nis,cn=schema,cn=config"

[root@clone-1localnet ldap_lab]# ldapadd -Y EXTERNAL -H ldapi:// -f /etc/openldap/schema/inetorgperson.ldif 
SASL/EXTERNAL authentication started
SASL username: gidNumber=0+uidNumber=0,cn=peercred,cn=external,cn=auth
SASL SSF: 0
adding new entry "cn=inetorgperson,cn=schema,cn=config"

[root@clone-1localnet ldap_lab]# cat base.ldif 
dn: dc=localnet,dc=com
objectClass: dcObject
objectClass: organization
dc: localnet
o: localnet

dn: ou=People,dc=localnet,dc=com
objectClass: organizationalUnit
ou: People

dn: ou=Group,dc=localnet,dc=com
objectClass: organizationalUnit
ou: Group

[root@clone-1localnet ldap_lab]# ldapadd -x -W -D "cn=ldapadm,dc=localnet,dc=com" -f base.ldif 
Enter LDAP Password: 
adding new entry "dc=localnet,dc=com"

adding new entry "ou=People,dc=localnet,dc=com"

adding new entry "ou=Group,dc=localnet,dc=com"

[root@clone-1localnet ldap_lab]# 


[root@clone-1localnet ldap_lab]# echo "local4.* /var/log/ldap.log" >> /etc/rsyslog.conf 
[root@clone-1localnet ldap_lab]# less /etc/rsyslog.conf 
[root@clone-1localnet ldap_lab]# systemctl restart rsyslog.service log
Failed to restart log.service: Unit not found.
[root@clone-1localnet ldap_lab]# systemctl restart rsyslog
[root@clone-1localnet ldap_lab]# systemctl enable slapd.service
[root@clone-1localnet ldap_lab]# systemctl enable oddjobd.service
[root@clone-1localnet ldap_lab]# systemctl enable rsyslog.service
[root@clone-1localnet ldap_lab]# 

[root@clone-1localnet ldap_lab]# cat rhuser.ldif 
dn: uid=rhuser,ou=People,dc=localnet,dc=com
objectClass: top
objectClass: account
objectClass: posixAccount
objectClass: shadowAccount
cn: rhuser
uid: rhuser
uidNumber: 9999
gidNumber: 100
homeDirectory: /home/rhuser
loginShell: /bin/bash
gecos: Red Hat User [Admin (at) RHHost]
userPassword: {crypt}x
shadowLastChange: 17058
shadowMin: 0
shadowMax: 99999
shadowWarning: 7







Now we are going to take operations on ldap client.

#Install ldap client
yum install -y nss-pam-ldapd

#Configure ldap client authentication on the cli

[root@clone-2localnet anthony]# authconfig --enableldap --enableldapauth --ldapserver=Clone-1@localnet.com --ldapbasedn="dc=localnet,dc=com" --enablemkhomedir --update

[root@clone-2localnet anthony]# systemctl restart nslcd

[root@clone-2localnet anthony]# systemctl status nslcd
           ● nslcd.service - Naming services LDAP client daemon.
              Loaded: loaded (/usr/lib/systemd/system/nslcd.service; enabled; vendor preset: disabled)
              Active: active (running) since Sun 2020-02-16 13:03:04 JST; 4s ago
                Docs: man:nslcd(8)
                      man:nslcd.conf(5)
             Process: 3796 ExecStart=/usr/sbin/nslcd (code=exited, status=0/SUCCESS)
            Main PID: 3801 (nslcd)
               Tasks: 6
              CGroup: /system.slice/nslcd.service
                      └─3801 /usr/sbin/nslcd

           Feb 16 13:03:03 clone-2localnet.com systemd[1]: Starting Naming serv...
           Feb 16 13:03:04 clone-2localnet.com nslcd[3801]: version 0.8.13 star...
           Feb 16 13:03:04 clone-2localnet.com nslcd[3801]: accepting connections
           Feb 16 13:03:04 clone-2localnet.com systemd[1]: Started Naming servi...
           Hint: Some lines were ellipsized, use -l to show in full.

[root@clone-2localnet anthony]# getent passwd rhuser
rhuser:x:9999:100:Red Hat User [Admin (at) RHHost]:/home/rhuser:/bin/bash

[root@clone-2localnet anthony]# su - rhuser
Creating home directory for rhuser.
[rhuser@clone-2localnet ~]$ pwd
/home/rhuser

#Configure ldap authentication graphically

yum install -y authconfig-gtk

然后点击Application->Sundry->Authentication 



















